
> frontend@0.1.0 build
> react-scripts build

Creating an optimized production build...
Compiled with warnings.

[eslint] 
src\Certificates.js
  Line 1:21:   'useRef' is defined but never used  no-unused-vars
  Line 31:62:  Unnecessary escape character: \/    no-useless-escape

Search for the keywords to learn more about each warning.
To ignore, add // eslint-disable-next-line to the line before.

File sizes after gzip:

  191.92 kB  build\static\js\main.08a9d3ec.js
  2.89 kB    build\static\css\main.8ef088be.css
  1.72 kB    build\static\js\206.f7e8db09.chunk.js

The project was built assuming it is hosted at /.
You can control this with the homepage field in your package.json.

The build folder is ready to be deployed.
You may serve it with a static server:

  serve -s build

Find out more about deployment here:

  https://cra.link/deployment

